AARCH64 GAS  someFunctions.asm 			page 1


   1              	.global AddTwo
   2              	.global AddTree
   3              	
   4              	.section .data
   5              	
   6              	.section .bss
   7              	
   8              	.section .text
   9              	
  10              	
  11              	
  12              	
  13              	//description add the two integer argment
  14              	//inputs: x1 aand x2 will be used as afruments
  15              	// outputs: x0 will contain the result
  16              	//example:
  17              		//ldr x1, = 0x10
  18              		//ldr x2, = 0x20
  19              		//bl AddTwo
  20              	    
  21              	AddTwo:
  22 0000 FF4300D1 		sub sp, sp, 16  //backup our return address
  23 0004 FE0300F9 		str x30, [sp]  //
  24 0008 08000094 		bl AddThree
  25 000c 1F2003D5 		nop
  26 0010 80010058 		ldr x0, =0x0
  27 0014 2000028B 		add x0, x1, x2
  28 0018 1F2003D5 		nop
  29 001c FE0340F9 		ldr x30, [sp]  //restore our x30 return register
  30 0020 FF430091 		add sp, sp, 16  //
  31              		
  32 0024 C0035FD6 	ret
  33              	
  34              	
  35              	AddThree:
  36 0028 FF4300D1 		sub sp, sp, 16  //backup our return address
  37 002c FE0300F9 		str x30, [sp]  //
  38 0030 1F2003D5 		nop
  39 0034 FE0340F9 		ldr x30, [sp]  //restore our x30 return register
  40 0038 FF430091 		add sp, sp, 16  //
  41 003c C0035FD6 	ret
  42              	
  43              	//b	retAddTwo
  44              	
  45 0040 00000000 	
  45      00000000 
AARCH64 GAS  someFunctions.asm 			page 2


DEFINED SYMBOLS
   someFunctions.asm:21     .text:0000000000000000 AddTwo
   someFunctions.asm:22     .text:0000000000000000 $x
   someFunctions.asm:35     .text:0000000000000028 AddThree
   someFunctions.asm:45     .text:0000000000000040 $d

UNDEFINED SYMBOLS
AddTree
