ARM GAS  main.asm 			page 1


   1              	/* Assembler ARM 32bit template */
   2              	.section .data
   3              	msg:
   4 0000 48656C6C 	.ascii "Hello, ARM32!\n"
   4      6F2C2041 
   4      524D3332 
   4      210A
   5              	len = . - msg
   6              	
   7              	.section .bss
   8              	
   9              	.section .text
  10              	.global _start
  11              	
  12              	_start:
  13              	/* syscall write(int fd, const void *buf, size_t count) */
  14 0000 0100A0E3 	    mov r0, #1 
  15 0004 14109FE5 	    ldr r1, =msg 
  16 0008 0E20A0E3 	    ldr r2, =len 
  17 000c 0470A0E3 	    mov r7, #4 
  18 0010 000000EF 	    svc #0
  19              	
  20              	/* syscall exit(int status) */
  21 0014 0000A0E3 	    mov r0, #0 
  22 0018 0170A0E3 	    mov r7, #1 
  23 001c 000000EF 	    svc #0
  24 0020 00000000 	
ARM GAS  main.asm 			page 2


DEFINED SYMBOLS
            main.asm:3      .data:00000000 msg
            main.asm:5      *ABS*:0000000e len
            main.asm:12     .text:00000000 _start
            main.asm:14     .text:00000000 $a
            main.asm:24     .text:00000020 $d

NO UNDEFINED SYMBOLS
