     1                                  ; Assembler 32bit template
     2                                  
     3                                  bits 32
     4                                  section .data
     5                                  ;variables with values go here
     6                                  
     7 00000000 43A595BB                	aFloat dd -0.00456682
     8                                  	 
     9                                  	; aFloat REAL4 0.00456682  in windous
    10                                  	
    11                                  
    12                                  section .bss
    13                                  ;reserved memory goes here
    14                                  section .text
    15                                  ;Your program code goes here
    16                                  
    17                                  	global _start
    18                                  _start:
    19 00000000 90                          nop
    20                                  	
    21                                  	;Your program code should go here
    22 00000001 A1[00000000]            	mov eax, [aFloat]
    23                                  	
    24                                  	;Do not remove/change the lines below here.
    25                                  	;These exit out of the application and back
    26                                  	;to linux in an orderly fashion
    27 00000006 90                      	nop
    28 00000007 B801000000              	mov eax,1      ; Exit system call value
    29 0000000C BB00000000              	mov ebx,0      ; Exit return code
    30 00000011 CD80                    	int 80h        ; Call the kernel
