AARCH64 GAS  main.asm 			page 1


   1              	/* ARM 64-bit assembly template */
   2              	
   3              	
   4              	.include "../myARMLibs/someFunctions.inc"
   1              	.extern AddTwo
   2              	.extern AddTree
   5              	//.extern AddTwo
   6              	
   7              	.section .data
   8              	msg:
   9 0000 48656C6C 	.ascii "Hello, ARM64!\n"
   9      6F2C2041 
   9      524D3634 
   9      210A
  10              	len = . - msg
  11              	
  12              	.section .bss
  13              	
  14              	.section .text
  15              	.global _start
  16              	
  17              	_start:
  18              	/* syscall write(int fd, const void *buf, size_t count) */
  19 0000 200080D2 	    mov x0, #1     
  20 0004 A1020058 	    ldr x1, =msg 
  21 0008 C2020058 	    ldr x2, =len 
  22 000c 08088052 	    mov w8, #64 
  23 0010 010000D4 	    svc #0
  24 0014 1F2003D5 	    nop
  25              	    
  26              	    
  27              	    //mov x5, x1
  28              	    //mov x6, x2
  29 0018 FF4300D1 	    sub sp, sp, 16   //backup x1 and x2 register in the stack
  30 001c E10300F9 	    str x1, [sp]
  31 0020 FF4300D1 	    sub sp, sp, 16
  32 0024 E20300F9 	    str x2, [sp]
  33 0028 01020058 	    ldr x1, =0x10
  34 002c 22020058 	    ldr x2, =0x20
  35 0030 00000094 	    bl AddTwo
  36 0034 E20340F9 	    ldr x2, [sp]    //restore our x1 and x2 register from stack
  37 0038 FF430091 	    add sp, sp, 16
  38 003c E10340F9 	    ldr x1, [sp]
  39 0040 FF430091 	    add sp, sp, 16
  40              	    //mov x2, x6
  41              	    //mov x1, x5
  42 0044 1F2003D5 	    nop
  43              	    
  44              	
  45              	/* syscall exit(int status) */
  46 0048 000080D2 	    mov x0, #0 
  47 004c A80B8052 	    mov w8, #93 
  48 0050 010000D4 	    svc #0
  49 0054 00000000 	
  49      00000000 
  49      00000000 
  49      0E000000 
AARCH64 GAS  main.asm 			page 2


  49      00000000 
AARCH64 GAS  main.asm 			page 3


DEFINED SYMBOLS
            main.asm:8      .data:0000000000000000 msg
            main.asm:10     *ABS*:000000000000000e len
            main.asm:17     .text:0000000000000000 _start
            main.asm:19     .text:0000000000000000 $x
            main.asm:49     .text:0000000000000058 $d

UNDEFINED SYMBOLS
AddTwo
